// Jest Snapshot v1, https://goo.gl/fbAQLP

exports[`boolean() should generate a validator for boolean values: Property \`value\` of \`Component\` is not a boolean. 1`] = `"[TKType] Property \`value\` of \`Component\` is not a boolean."`;

exports[`boolean() should generate a validator for boolean values: Property \`value\` of \`Component\` is not a boolean. 2`] = `"[TKType] Property \`value\` of \`Component\` is not a boolean."`;

exports[`boolean() should generate a validator for boolean values: Property \`value\` of \`Component\` is not a boolean. 3`] = `"[TKType] Property \`value\` of \`Component\` is not a boolean."`;
